--------------------------------------------------------------------------------------
Timing Analyzer Summary
--------------------------------------------------------------------------------------

Type           : Worst-case tsu
Slack          : N/A
Required Time  : None
Actual Time    : 5.019 ns
From           : IR[2]
To             : state.Input
From Clock     : --
To Clock       : Clock
Failed Paths   : 0

Type           : Worst-case tco
Slack          : N/A
Required Time  : None
Actual Time    : 11.016 ns
From           : state.jpos
To             : PCload
From Clock     : Clock
To Clock       : --
Failed Paths   : 0

Type           : Worst-case tpd
Slack          : N/A
Required Time  : None
Actual Time    : 13.923 ns
From           : Aeq0
To             : PCload
From Clock     : --
To Clock       : --
Failed Paths   : 0

Type           : Worst-case th
Slack          : N/A
Required Time  : None
Actual Time    : -3.171 ns
From           : Enter
To             : state.Input
From Clock     : --
To Clock       : Clock
Failed Paths   : 0

Type           : Clock Setup: 'Clock'
Slack          : N/A
Required Time  : None
Actual Time    : Restricted to 380.08 MHz ( period = 2.631 ns )
From           : state.jpos
To             : state.start
From Clock     : Clock
To Clock       : Clock
Failed Paths   : 0

Type           : Total number of failed paths
Slack          : 
Required Time  : 
Actual Time    : 
From           : 
To             : 
From Clock     : 
To Clock       : 
Failed Paths   : 0

--------------------------------------------------------------------------------------

