--------------------------------------------------------------------------------------
Timing Analyzer Summary
--------------------------------------------------------------------------------------

Type           : Worst-case tsu
Slack          : N/A
Required Time  : None
Actual Time    : 10.278 ns
From           : addr[3]
To             : AddrStore[10][6]
From Clock     : --
To Clock       : Clock
Failed Paths   : 0

Type           : Worst-case tco
Slack          : N/A
Required Time  : None
Actual Time    : 9.180 ns
From           : data_Out[1]~reg0
To             : data_Out[1]
From Clock     : Clock
To Clock       : --
Failed Paths   : 0

Type           : Worst-case th
Slack          : N/A
Required Time  : None
Actual Time    : -3.590 ns
From           : data_IN[4]
To             : AddrStore[13][4]
From Clock     : --
To Clock       : Clock
Failed Paths   : 0

Type           : Clock Setup: 'Clock'
Slack          : N/A
Required Time  : None
Actual Time    : 180.15 MHz ( period = 5.551 ns )
From           : AddrStore[7][2]
To             : data_Out[2]~reg0
From Clock     : Clock
To Clock       : Clock
Failed Paths   : 0

Type           : Total number of failed paths
Slack          : 
Required Time  : 
Actual Time    : 
From           : 
To             : 
From Clock     : 
To Clock       : 
Failed Paths   : 0

--------------------------------------------------------------------------------------

