------------------------------------------------------------
TimeQuest Timing Analyzer Summary
------------------------------------------------------------

Type  : Slow Model Setup 'Clock'
Slack : -1.594
TNS   : -5.921

Type  : Slow Model Setup 'state[0]~reg0'
Slack : -0.444
TNS   : -2.578

Type  : Slow Model Hold 'state[0]~reg0'
Slack : -2.825
TNS   : -24.726

Type  : Slow Model Hold 'Clock'
Slack : -0.421
TNS   : -1.159

Type  : Slow Model Minimum Pulse Width 'Clock'
Slack : -1.469
TNS   : -6.357

Type  : Slow Model Minimum Pulse Width 'state[0]~reg0'
Slack : 0.500
TNS   : 0.000

Type  : Fast Model Setup 'Clock'
Slack : -0.018
TNS   : -0.036

Type  : Fast Model Setup 'state[0]~reg0'
Slack : 0.667
TNS   : 0.000

Type  : Fast Model Hold 'state[0]~reg0'
Slack : -1.547
TNS   : -14.286

Type  : Fast Model Hold 'Clock'
Slack : -0.447
TNS   : -1.643

Type  : Fast Model Minimum Pulse Width 'Clock'
Slack : -1.222
TNS   : -5.222

Type  : Fast Model Minimum Pulse Width 'state[0]~reg0'
Slack : 0.500
TNS   : 0.000

------------------------------------------------------------
